pytest : WARNING:root:CyborgDB package not found. Using mock client.
At line:1 char:1
+ pytest --cov=app --cov-report=html -v 2>&1 | tee test_output.txt
+ ~~~~~~~~~~~~~~~~~~~~~~~~~~~~~~~~~~~~~~~~~~
    + CategoryInfo          : NotSpecified: (WARNING:root:Cy...ng mock client.:String) [], RemoteException
    + FullyQualifiedErrorId : NativeCommandError
 
ImportError while loading conftest 'C:\Users\AADHITHAN\Downloads\Cipherdocs\backend\tests\conftest.py'.
tests\conftest.py:9: in <module>
    from main import app
main.py:42: in <module>
    from app.api.search import router as search_router
app\api\search.py:10: in <module>
    from app.core.embedding import get_embedding_service
app\core\embedding.py:9: in <module>
    import torch
E   ModuleNotFoundError: No module named 'torch'
